// Jest Snapshot v1, https://goo.gl/fbAQLP

exports[`matches snapshot 1`] = `
<div
  className="App"
>
  <header
    className="header"
  >
    <h1
      className="title"
    >
      HANKY PANKY
    </h1>
    <withRouter() />
  </header>
  <withRouter(Connect(ContentRoute)) />
</div>
`;
